//EDITORHINT::MAP_METADATA
NAME::Just dig!
NUMBER::1
CODE::CAJJLDLBCS
DIFFICULTY::fun
TOSPAWN::10
SUCCESS::1
//EDITORHINT::MAP_START
__________________________________________________________________________________________________
|GGGGGGGGGGGGGGGGGGGGGGGGGGGGGGGGGGGGGGGGGGGGGGGGGGGGGGGGGGGGGGGGGGGGGGGGGGGGGGGGGGGGGGGGGGGGGGGG|
|GGGGGGGGGGGGGGGGGGGGGGGGGGGGGG           GGGGGGGGGGGGGGGGGGGGGGGGGGGGGGGGGGGGGGGGGGGGGGGGGGGGGGG|
|GGGGGGGGGGGGGGGGGG                        GGGGGGGGGGGGGGGGGGGGGGGGGGGGGGGGGGGGGGGGGGGGGGGGGGGGGG|
|GGGGGGGGGGGGGGGG                            GGGGGGGGGGGGGGGGGGGGGGGGGGGGGGGGGGGGGGGGGGGGGGGGGGGG|
|GGGGGGGGGGGGGGG                               GGGGGGGGGGGGGGGGGGGGGGGGGGGGGGGGGGGGGGGGGGGGGGGGGG|
|GGGGGGGGGGGG                                    GGGGGGGGGGGGGGGGGGGGGGGGGGGGGGGGGGGGGGGGGGGGGGGG|
|GGGGGGGGG                                       GGGGGGGGGGGGGGGGGGGGGGGGGGGGGGGGGGGGGGGGGGGGGGGG|
|GGGGGGGGG                                       GGGGGGGGGGGGGGGGGGG GGGGGGGGGGGGGGGGGGGGGGG GGGG|
|GGGGGGGGG                                       GGGGGGGGGGGGGGGGGGG  GGGGGGGGGGGGGGGGGGGGGG  GGG|
|GGGGGGGGG                                       GGGGGGGGGGGGGGGGGG    GGGGGGGGGGGGGGGGGGGG    GG|
|GGGGGGGGG                                       GGGGGGGGGGGGGG GGG    GGGGGGGGGGGGGGGG GGG    GG|
|GGGGGGGGG                                       GGGGGGGGGGGGGG        GGGGGGGGGGGGGGGG        GG|
|GGGGGGGGG                                       GGGGGGGGGGGGGG        GGGGGGGGGGGGGGGG        GG|
|GGGGGGGGG                                       GGGGGGGGGGGGGG        GGGGGGGGGGGGGGGG        GG|
|GGGGGGGGG                                      GGGGGGGGGGGGGGGG       GGGGGGGGGGGGGGGGG       GG|
|GGGGGGGGG                                     GGGGGGGGGGGGGGGGGG      GGGGGGGGGGGGGGGGGG      GG|
|GGGGGGGGGGGGGGGGGGGGGGGGGGGGGGGGGGGGGGGGGGGGGGGGGGGGGGGGGGGGGGGGG     GGGGGGGGGGGGGGGGGGG     GG|
|GGGGGGGGGGGGGGGGGGGGGGGGGGGGGGGGGGGGGGGGGGGGGGGGGGGGGGGGGGGGGGGGG     GGGGGGGGGGGGGGGGGGG     GG|
|GGGGGGGGGGGGGGGGGGGGGGGGGGGGGGGGGGGGGGGGGGGGGGGGGGGGGGGGGGGGGGGG     GGGGGGGGGGGGGGGGGGG     GGG|
|GGGGGGGGGGGGGGGGGGGGGGGGGGGGGGGGGGGGGGGGGGGGGGGGGGGGGGGGGGGGGGGG     GGGGGGGGGGGGGGGGGGG     GGG|
|GGGGGGGGGGGGGGGGGGGGGGGGGGGGGGGGGGGGGGGGGGGGGGGGGGGGGGGGGGGGGGGGG    GGGGGGGGGGGGGGGGGGGG    GGG|
|GGGGGGGGGGGGGGGGGGGGGGGGGGGGGGGGGGGGGGGGGGGGGGGGGGGGGGGGGGGGGGG      GGGGGGGGGGGGGGGGGG      GGG|
|GGGGGGG   GGGGGGGGGGGGGGGGGGGGGGGGGGGGGGGGGGGGGGGGGGGGGGGGGGGG       GGGGGGGGGGGGGGGGG       GGG|
|GGGGGG               GGGGGGGGG    GGGGGGGGG                         GGGG                    GGGG|
|GGGGG                                                               GGGG                    GGGG|
|GGGGG                                                               GGGG                    GGGG|
|GGGGG                                                              GGGGG                   GGGGG|
|GGGGG                                                             GGGGGG                  GGGGGG|
|GGGGGGGGGGGGGGGGGGGGGGGGGG                              E        GGGGGGG        E        GGGGGGG|
|GGGGGGGGGGGGGGGGGGGGGGGGGGGGGGGGGGGGGGGGGGGGGGGGGGGGGGGGGGGGGGGGGGGGGGGGGGGGGGGGGGGGGGGGGGGGGGGG|
|GGGGGGGGGGGGGGGGGGGGGGGGGGGGGGGGGGGGGGGGGGGGGGGGGGGGGGGGGGGGGGGGGGGGGGGGGGGGGGGGGGGGGGGGGGGGGGGG|
|GGGGGGGGGGGGGGGGGGGGGGGGGGGGGGGGGGGGGGGGGGGGGGGGGGGGGGGGGGGGGGGGGGGGGGGGGGGGGGGGGGGGGGGGGGGGGGGG|
|GGGGGGGGGGGGGGGGGGGGGGGGGGGGGGGGGGGGGGGGGGGGGGGGGGGGGGGGGGGGGGGGGGGGGGGGGGGGGGGGGGGGGGGGGGGGGGGG|
|GGGGGGGGGGGGGGGGGGGGGGGGGGGGGGGGGGGGGGGGGGGGGGGGGGGGGGGGGGGGGGGGGGGGGGGGGGGGGGGGGGGGGGGGGGGGGGGG|
|GGGGGGGGGGGGGGGGGGGGGGGGGGGGGGGGGGGGGGGGGGGGGGGGGGGGGGGGGGGGGGGGGGGGGGGGGGGGGGGGGGGGGGGGGGGGGGGG|
|GGGGGGGGGGGGGGGGGGGGGGGGGGGGGGGGGGGGGGGGGGGGGGGGGGGGGGGGGGGGGGGGGGGGGGGGGGGGGGGGGGGGGGGGGGGGGGGG|
|GGGGGGGGGGGGGGGGGGGGGGGGGGGGGGGGGGGGGGGGGGGGGGGGGGGGGGGGGGGGGGG      GGGGGGGGGGGGGGGGGG      GGG|
|GGGGGGG   GGGGGGGGGGGGGGGGGGGGGGGGGGGGGGGGGGGGGGGGGGGGGGGGGGGG       GGGGGGGGGGGGGGGGG       GGG|
|GGGGGG               GGGGGGGGG    GGGGGGGGG                         GGGG                    GGGG|
|GGGGG                                                               GGGG                    GGGG|
|GGGGG                                                               GGGG                    GGGG|
|GGGGG                                                              GGGGG                   GGGGG|
|GGGGG                                                             GGGGGG                  GGGGGG|
|GGGGGGGGGGGGGGGGGGGGGGGGGG                              E        GGGGGGG        E        GGGGGGG|
|GGGGGGGGGGGGGGGGGGGGGGGGGGGGGGGGGGGGGGGGGGGGGGGGGGGGGGGGGGGGGGGGGGGGGGGGGGGGGGGGGGGGGGGGGGGGGGGG|
|GGGGGGGGGGGGGGGGGGGGGGGGGGGGGGGGGGGGGGGGGGGGGGGGGGGGGGGGGGGGGGGGGGGGGGGGGGGGGGGGGGGGGGGGGGGGGGGG|
|GGGGGGGGGGGGGGGGGGGGGGGGGGGGGGGGGGGGGGGGGGGGGGGGGGGGGGGGGGGGGGGGGGGGGGGGGGGGGGGGGGGGGGGGGGGGGGGG|
|GGGGGGGGGGGGGGGGGGGGGGGGGGGGGGGGGGGGGGGGGGGGGGGGGGGGGGGGGGGGGGGGGGGGGGGGGGGGGGGGGGGGGGGGGGGGGGGG|
|GGGGGGGGGGGGGGGGGGGGGGGGGGGGGGGGGGGGGGGGGGGGGGGGGGGGGGGGGGGGGGGGGGGGGGGGGGGGGGGGGGGGGGGGGGGGGGGG|
|GGGGGGGGGGGGGGGGGGGGGGGGGGGGGGGGGGGGGGGGGGGGGGGGGGGGGGGGGGGGGGGGGGGGGGGGGGGGGGGGGGGGGGGGGGGGGGGG|
|GGGGGGGGGGGGGGGGGGGGGGGGGGGGGGGGGGGGGGGGGGGGGGGGGGGGGGGGGGGGGGGGGGGGGGGGGGGGGGGGGGGGGGGGGGGGGGGG|
//EDITORHINT::DEFAULT_ANIMATIONS
G,ground
//EDITORHINT::CUSTOM_ANIMATIONS
10,17,grass
11,17,grass
12,17,grass
13,17,grass
14,17,grass
15,17,grass
16,17,grass
17,17,grass
18,17,grass
19,17,grass
20,17,grass
21,17,grass
22,17,grass
23,17,grass
24,17,grass
25,17,grass
26,17,grass
27,17,grass
28,17,grass
29,17,grass
30,17,grass
31,17,grass
32,17,grass
33,17,grass
34,17,grass
35,17,grass
36,17,grass
37,17,grass
38,17,grass
39,17,grass
40,17,grass
41,17,grass
42,17,grass
43,17,grass
44,17,grass
45,17,grass
46,17,grass
6,29,grass
7,29,grass
8,29,grass
9,29,grass
0,29,grass
10,29,grass
11,29,grass
12,29,grass
13,29,grass
14,29,grass
15,29,grass
16,29,grass
17,29,grass
18,29,grass
19,29,grass
20,29,grass
21,29,grass
22,29,grass
23,29,grass
24,29,grass
25,29,grass
26,29,grass
27,30,grass
28,30,grass
29,30,grass
30,30,grass
31,30,grass
32,30,grass
33,30,grass
34,30,grass
35,30,grass
36,30,grass
37,30,grass
38,30,grass
39,30,grass
40,30,grass
41,30,grass
42,30,grass
43,30,grass
44,30,grass
45,30,grass
46,30,grass
47,30,grass
48,30,grass
49,30,grass
50,30,grass
51,30,grass
52,30,grass
53,30,grass
54,30,grass
55,30,grass
56,30,grass
57,30,grass
58,30,grass
59,30,grass
60,30,grass
61,30,grass
62,30,grass
63,30,grass
64,30,grass
65,30,grass
